ARM GAS  C:\Users\Tech\AppData\Local\Temp\ccLu1oJY.s 			page 1


   1              		.syntax unified
   2              		.cpu cortex-m0
   3              		.fpu softvfp
   4              		.eabi_attribute 20, 1
   5              		.eabi_attribute 21, 1
   6              		.eabi_attribute 23, 3
   7              		.eabi_attribute 24, 1
   8              		.eabi_attribute 25, 1
   9              		.eabi_attribute 26, 1
  10              		.eabi_attribute 30, 6
  11              		.eabi_attribute 34, 0
  12              		.eabi_attribute 18, 4
  13              		.thumb
  14              		.syntax unified
  15              		.file	"cyfitter_cfg.c"
  16              		.text
  17              	.Ltext0:
  18              		.cfi_sections	.debug_frame
  19              		.section	.text.CYMEMZERO,"ax",%progbits
  20              		.align	2
  21              		.code	16
  22              		.thumb_func
  23              		.type	CYMEMZERO, %function
  24              	CYMEMZERO:
  25              	.LFB2:
  26              		.file 1 "Generated_Source\\PSoC4\\cyfitter_cfg.c"
   1:Generated_Source\PSoC4/cyfitter_cfg.c **** 
   2:Generated_Source\PSoC4/cyfitter_cfg.c **** /*******************************************************************************
   3:Generated_Source\PSoC4/cyfitter_cfg.c **** * File Name: cyfitter_cfg.c
   4:Generated_Source\PSoC4/cyfitter_cfg.c **** * 
   5:Generated_Source\PSoC4/cyfitter_cfg.c **** * PSoC Creator  4.4
   6:Generated_Source\PSoC4/cyfitter_cfg.c **** *
   7:Generated_Source\PSoC4/cyfitter_cfg.c **** * Description:
   8:Generated_Source\PSoC4/cyfitter_cfg.c **** * This file contains device initialization code.
   9:Generated_Source\PSoC4/cyfitter_cfg.c **** * Except for the user defined sections in CyClockStartupError(), this file should not be modified.
  10:Generated_Source\PSoC4/cyfitter_cfg.c **** * This file is automatically generated by PSoC Creator.
  11:Generated_Source\PSoC4/cyfitter_cfg.c **** *
  12:Generated_Source\PSoC4/cyfitter_cfg.c **** ********************************************************************************
  13:Generated_Source\PSoC4/cyfitter_cfg.c **** * Copyright (c) 2007-2020 Cypress Semiconductor.  All rights reserved.
  14:Generated_Source\PSoC4/cyfitter_cfg.c **** * You may use this file only in accordance with the license, terms, conditions, 
  15:Generated_Source\PSoC4/cyfitter_cfg.c **** * disclaimers, and limitations in the end user license agreement accompanying 
  16:Generated_Source\PSoC4/cyfitter_cfg.c **** * the software package with which this file was provided.
  17:Generated_Source\PSoC4/cyfitter_cfg.c **** ********************************************************************************/
  18:Generated_Source\PSoC4/cyfitter_cfg.c **** 
  19:Generated_Source\PSoC4/cyfitter_cfg.c **** #include <string.h>
  20:Generated_Source\PSoC4/cyfitter_cfg.c **** #include "cytypes.h"
  21:Generated_Source\PSoC4/cyfitter_cfg.c **** #include "cydevice_trm.h"
  22:Generated_Source\PSoC4/cyfitter_cfg.c **** #include "cyfitter.h"
  23:Generated_Source\PSoC4/cyfitter_cfg.c **** #include "CyLib.h"
  24:Generated_Source\PSoC4/cyfitter_cfg.c **** #include "CyLFClk.h"
  25:Generated_Source\PSoC4/cyfitter_cfg.c **** #include "cyfitter_cfg.h"
  26:Generated_Source\PSoC4/cyfitter_cfg.c **** #include "cyapicallbacks.h"
  27:Generated_Source\PSoC4/cyfitter_cfg.c **** 
  28:Generated_Source\PSoC4/cyfitter_cfg.c **** 
  29:Generated_Source\PSoC4/cyfitter_cfg.c **** #if defined(__GNUC__) || defined(__ARMCC_VERSION)
  30:Generated_Source\PSoC4/cyfitter_cfg.c ****     #define CYPACKED 
  31:Generated_Source\PSoC4/cyfitter_cfg.c ****     #define CYPACKED_ATTR __attribute__ ((packed))
ARM GAS  C:\Users\Tech\AppData\Local\Temp\ccLu1oJY.s 			page 2


  32:Generated_Source\PSoC4/cyfitter_cfg.c ****     #define CYALIGNED __attribute__ ((aligned))
  33:Generated_Source\PSoC4/cyfitter_cfg.c ****     #define CY_CFG_UNUSED __attribute__ ((unused))
  34:Generated_Source\PSoC4/cyfitter_cfg.c ****     #ifndef CY_CFG_SECTION
  35:Generated_Source\PSoC4/cyfitter_cfg.c ****         #define CY_CFG_SECTION __attribute__ ((section(".psocinit")))
  36:Generated_Source\PSoC4/cyfitter_cfg.c ****     #endif
  37:Generated_Source\PSoC4/cyfitter_cfg.c ****     
  38:Generated_Source\PSoC4/cyfitter_cfg.c ****     #if defined(__ARMCC_VERSION)
  39:Generated_Source\PSoC4/cyfitter_cfg.c ****         #define CY_CFG_MEMORY_BARRIER() __memory_changed()
  40:Generated_Source\PSoC4/cyfitter_cfg.c ****     #else
  41:Generated_Source\PSoC4/cyfitter_cfg.c ****         #define CY_CFG_MEMORY_BARRIER() __sync_synchronize()
  42:Generated_Source\PSoC4/cyfitter_cfg.c ****     #endif
  43:Generated_Source\PSoC4/cyfitter_cfg.c ****     
  44:Generated_Source\PSoC4/cyfitter_cfg.c **** #elif defined(__ICCARM__)
  45:Generated_Source\PSoC4/cyfitter_cfg.c ****     #include <intrinsics.h>
  46:Generated_Source\PSoC4/cyfitter_cfg.c **** 
  47:Generated_Source\PSoC4/cyfitter_cfg.c ****     #define CYPACKED __packed
  48:Generated_Source\PSoC4/cyfitter_cfg.c ****     #define CYPACKED_ATTR 
  49:Generated_Source\PSoC4/cyfitter_cfg.c ****     #define CYALIGNED _Pragma("data_alignment=4")
  50:Generated_Source\PSoC4/cyfitter_cfg.c ****     #define CY_CFG_UNUSED _Pragma("diag_suppress=Pe177")
  51:Generated_Source\PSoC4/cyfitter_cfg.c ****     #define CY_CFG_SECTION _Pragma("location=\".psocinit\"")
  52:Generated_Source\PSoC4/cyfitter_cfg.c ****     
  53:Generated_Source\PSoC4/cyfitter_cfg.c ****     #define CY_CFG_MEMORY_BARRIER() __DMB()
  54:Generated_Source\PSoC4/cyfitter_cfg.c ****     
  55:Generated_Source\PSoC4/cyfitter_cfg.c **** #else
  56:Generated_Source\PSoC4/cyfitter_cfg.c ****     #error Unsupported toolchain
  57:Generated_Source\PSoC4/cyfitter_cfg.c **** #endif
  58:Generated_Source\PSoC4/cyfitter_cfg.c **** 
  59:Generated_Source\PSoC4/cyfitter_cfg.c **** #ifndef CYCODE
  60:Generated_Source\PSoC4/cyfitter_cfg.c ****     #define CYCODE
  61:Generated_Source\PSoC4/cyfitter_cfg.c **** #endif
  62:Generated_Source\PSoC4/cyfitter_cfg.c **** #ifndef CYDATA
  63:Generated_Source\PSoC4/cyfitter_cfg.c ****     #define CYDATA
  64:Generated_Source\PSoC4/cyfitter_cfg.c **** #endif
  65:Generated_Source\PSoC4/cyfitter_cfg.c **** #ifndef CYFAR
  66:Generated_Source\PSoC4/cyfitter_cfg.c ****     #define CYFAR
  67:Generated_Source\PSoC4/cyfitter_cfg.c **** #endif
  68:Generated_Source\PSoC4/cyfitter_cfg.c **** #ifndef CYXDATA
  69:Generated_Source\PSoC4/cyfitter_cfg.c ****     #define CYXDATA
  70:Generated_Source\PSoC4/cyfitter_cfg.c **** #endif
  71:Generated_Source\PSoC4/cyfitter_cfg.c **** 
  72:Generated_Source\PSoC4/cyfitter_cfg.c **** 
  73:Generated_Source\PSoC4/cyfitter_cfg.c **** CY_CFG_UNUSED
  74:Generated_Source\PSoC4/cyfitter_cfg.c **** static void CYMEMZERO(void *s, size_t n);
  75:Generated_Source\PSoC4/cyfitter_cfg.c **** CY_CFG_UNUSED
  76:Generated_Source\PSoC4/cyfitter_cfg.c **** static void CYMEMZERO(void *s, size_t n)
  77:Generated_Source\PSoC4/cyfitter_cfg.c **** {
  27              		.loc 1 77 0
  28              		.cfi_startproc
  29              		@ args = 0, pretend = 0, frame = 8
  30              		@ frame_needed = 1, uses_anonymous_args = 0
  31 0000 80B5     		push	{r7, lr}
  32              		.cfi_def_cfa_offset 8
  33              		.cfi_offset 7, -8
  34              		.cfi_offset 14, -4
  35 0002 82B0     		sub	sp, sp, #8
  36              		.cfi_def_cfa_offset 16
  37 0004 00AF     		add	r7, sp, #0
ARM GAS  C:\Users\Tech\AppData\Local\Temp\ccLu1oJY.s 			page 3


  38              		.cfi_def_cfa_register 7
  39 0006 7860     		str	r0, [r7, #4]
  40 0008 3960     		str	r1, [r7]
  78:Generated_Source\PSoC4/cyfitter_cfg.c **** 	(void)memset(s, 0, n);
  41              		.loc 1 78 0
  42 000a 3A68     		ldr	r2, [r7]
  43 000c 7B68     		ldr	r3, [r7, #4]
  44 000e 0021     		movs	r1, #0
  45 0010 1800     		movs	r0, r3
  46 0012 FFF7FEFF 		bl	memset
  79:Generated_Source\PSoC4/cyfitter_cfg.c **** }
  47              		.loc 1 79 0
  48 0016 C046     		nop
  49 0018 BD46     		mov	sp, r7
  50 001a 02B0     		add	sp, sp, #8
  51              		@ sp needed
  52 001c 80BD     		pop	{r7, pc}
  53              		.cfi_endproc
  54              	.LFE2:
  55              		.size	CYMEMZERO, .-CYMEMZERO
  56 001e C046     		.section	.text.CYCONFIGCPY,"ax",%progbits
  57              		.align	2
  58              		.code	16
  59              		.thumb_func
  60              		.type	CYCONFIGCPY, %function
  61              	CYCONFIGCPY:
  62              	.LFB3:
  80:Generated_Source\PSoC4/cyfitter_cfg.c **** CY_CFG_UNUSED
  81:Generated_Source\PSoC4/cyfitter_cfg.c **** static void CYCONFIGCPY(void *dest, const void *src, size_t n);
  82:Generated_Source\PSoC4/cyfitter_cfg.c **** CY_CFG_UNUSED
  83:Generated_Source\PSoC4/cyfitter_cfg.c **** static void CYCONFIGCPY(void *dest, const void *src, size_t n)
  84:Generated_Source\PSoC4/cyfitter_cfg.c **** {
  63              		.loc 1 84 0
  64              		.cfi_startproc
  65              		@ args = 0, pretend = 0, frame = 16
  66              		@ frame_needed = 1, uses_anonymous_args = 0
  67 0000 80B5     		push	{r7, lr}
  68              		.cfi_def_cfa_offset 8
  69              		.cfi_offset 7, -8
  70              		.cfi_offset 14, -4
  71 0002 84B0     		sub	sp, sp, #16
  72              		.cfi_def_cfa_offset 24
  73 0004 00AF     		add	r7, sp, #0
  74              		.cfi_def_cfa_register 7
  75 0006 F860     		str	r0, [r7, #12]
  76 0008 B960     		str	r1, [r7, #8]
  77 000a 7A60     		str	r2, [r7, #4]
  85:Generated_Source\PSoC4/cyfitter_cfg.c **** 	(void)memcpy(dest, src, n);
  78              		.loc 1 85 0
  79 000c 7A68     		ldr	r2, [r7, #4]
  80 000e B968     		ldr	r1, [r7, #8]
  81 0010 FB68     		ldr	r3, [r7, #12]
  82 0012 1800     		movs	r0, r3
  83 0014 FFF7FEFF 		bl	memcpy
  86:Generated_Source\PSoC4/cyfitter_cfg.c **** }
  84              		.loc 1 86 0
  85 0018 C046     		nop
ARM GAS  C:\Users\Tech\AppData\Local\Temp\ccLu1oJY.s 			page 4


  86 001a BD46     		mov	sp, r7
  87 001c 04B0     		add	sp, sp, #16
  88              		@ sp needed
  89 001e 80BD     		pop	{r7, pc}
  90              		.cfi_endproc
  91              	.LFE3:
  92              		.size	CYCONFIGCPY, .-CYCONFIGCPY
  93              		.section	.text.CYCONFIGCPYCODE,"ax",%progbits
  94              		.align	2
  95              		.code	16
  96              		.thumb_func
  97              		.type	CYCONFIGCPYCODE, %function
  98              	CYCONFIGCPYCODE:
  99              	.LFB4:
  87:Generated_Source\PSoC4/cyfitter_cfg.c **** CY_CFG_UNUSED
  88:Generated_Source\PSoC4/cyfitter_cfg.c **** static void CYCONFIGCPYCODE(void *dest, const void *src, size_t n);
  89:Generated_Source\PSoC4/cyfitter_cfg.c **** CY_CFG_UNUSED
  90:Generated_Source\PSoC4/cyfitter_cfg.c **** static void CYCONFIGCPYCODE(void *dest, const void *src, size_t n)
  91:Generated_Source\PSoC4/cyfitter_cfg.c **** {
 100              		.loc 1 91 0
 101              		.cfi_startproc
 102              		@ args = 0, pretend = 0, frame = 16
 103              		@ frame_needed = 1, uses_anonymous_args = 0
 104 0000 80B5     		push	{r7, lr}
 105              		.cfi_def_cfa_offset 8
 106              		.cfi_offset 7, -8
 107              		.cfi_offset 14, -4
 108 0002 84B0     		sub	sp, sp, #16
 109              		.cfi_def_cfa_offset 24
 110 0004 00AF     		add	r7, sp, #0
 111              		.cfi_def_cfa_register 7
 112 0006 F860     		str	r0, [r7, #12]
 113 0008 B960     		str	r1, [r7, #8]
 114 000a 7A60     		str	r2, [r7, #4]
  92:Generated_Source\PSoC4/cyfitter_cfg.c **** 	(void)memcpy(dest, src, n);
 115              		.loc 1 92 0
 116 000c 7A68     		ldr	r2, [r7, #4]
 117 000e B968     		ldr	r1, [r7, #8]
 118 0010 FB68     		ldr	r3, [r7, #12]
 119 0012 1800     		movs	r0, r3
 120 0014 FFF7FEFF 		bl	memcpy
  93:Generated_Source\PSoC4/cyfitter_cfg.c **** }
 121              		.loc 1 93 0
 122 0018 C046     		nop
 123 001a BD46     		mov	sp, r7
 124 001c 04B0     		add	sp, sp, #16
 125              		@ sp needed
 126 001e 80BD     		pop	{r7, pc}
 127              		.cfi_endproc
 128              	.LFE4:
 129              		.size	CYCONFIGCPYCODE, .-CYCONFIGCPYCODE
 130              		.section	.psocinit,"ax",%progbits
 131              		.align	2
 132              		.code	16
 133              		.thumb_func
 134              		.type	ClockSetup, %function
 135              	ClockSetup:
ARM GAS  C:\Users\Tech\AppData\Local\Temp\ccLu1oJY.s 			page 5


 136              	.LFB5:
  94:Generated_Source\PSoC4/cyfitter_cfg.c **** 
  95:Generated_Source\PSoC4/cyfitter_cfg.c **** 
  96:Generated_Source\PSoC4/cyfitter_cfg.c **** 
  97:Generated_Source\PSoC4/cyfitter_cfg.c **** 
  98:Generated_Source\PSoC4/cyfitter_cfg.c **** /* Clock startup error codes                                                   */
  99:Generated_Source\PSoC4/cyfitter_cfg.c **** #define CYCLOCKSTART_NO_ERROR    0u
 100:Generated_Source\PSoC4/cyfitter_cfg.c **** #define CYCLOCKSTART_XTAL_ERROR  1u
 101:Generated_Source\PSoC4/cyfitter_cfg.c **** #define CYCLOCKSTART_32KHZ_ERROR 2u
 102:Generated_Source\PSoC4/cyfitter_cfg.c **** #define CYCLOCKSTART_PLL_ERROR   3u
 103:Generated_Source\PSoC4/cyfitter_cfg.c **** #define CYCLOCKSTART_FLL_ERROR   4u
 104:Generated_Source\PSoC4/cyfitter_cfg.c **** #define CYCLOCKSTART_WCO_ERROR   5u
 105:Generated_Source\PSoC4/cyfitter_cfg.c **** 
 106:Generated_Source\PSoC4/cyfitter_cfg.c **** 
 107:Generated_Source\PSoC4/cyfitter_cfg.c **** #ifdef CY_NEED_CYCLOCKSTARTUPERROR
 108:Generated_Source\PSoC4/cyfitter_cfg.c **** /*******************************************************************************
 109:Generated_Source\PSoC4/cyfitter_cfg.c **** * Function Name: CyClockStartupError
 110:Generated_Source\PSoC4/cyfitter_cfg.c **** ********************************************************************************
 111:Generated_Source\PSoC4/cyfitter_cfg.c **** * Summary:
 112:Generated_Source\PSoC4/cyfitter_cfg.c **** *  If an error is encountered during clock configuration (crystal startup error,
 113:Generated_Source\PSoC4/cyfitter_cfg.c **** *  PLL lock error, etc.), the system will end up here.  Unless reimplemented by
 114:Generated_Source\PSoC4/cyfitter_cfg.c **** *  the customer, this function will stop in an infinite loop.
 115:Generated_Source\PSoC4/cyfitter_cfg.c **** *
 116:Generated_Source\PSoC4/cyfitter_cfg.c **** * Parameters:
 117:Generated_Source\PSoC4/cyfitter_cfg.c **** *   void
 118:Generated_Source\PSoC4/cyfitter_cfg.c **** *
 119:Generated_Source\PSoC4/cyfitter_cfg.c **** * Return:
 120:Generated_Source\PSoC4/cyfitter_cfg.c **** *   void
 121:Generated_Source\PSoC4/cyfitter_cfg.c **** *
 122:Generated_Source\PSoC4/cyfitter_cfg.c **** *******************************************************************************/
 123:Generated_Source\PSoC4/cyfitter_cfg.c **** CY_CFG_UNUSED
 124:Generated_Source\PSoC4/cyfitter_cfg.c **** static void CyClockStartupError(uint8 errorCode);
 125:Generated_Source\PSoC4/cyfitter_cfg.c **** CY_CFG_UNUSED
 126:Generated_Source\PSoC4/cyfitter_cfg.c **** static void CyClockStartupError(uint8 errorCode)
 127:Generated_Source\PSoC4/cyfitter_cfg.c **** {
 128:Generated_Source\PSoC4/cyfitter_cfg.c ****     /* To remove the compiler warning if errorCode not used.                */
 129:Generated_Source\PSoC4/cyfitter_cfg.c ****     errorCode = errorCode;
 130:Generated_Source\PSoC4/cyfitter_cfg.c **** 
 131:Generated_Source\PSoC4/cyfitter_cfg.c ****     /* If we have a clock startup error (bad MHz crystal, PLL lock, etc.),  */
 132:Generated_Source\PSoC4/cyfitter_cfg.c ****     /* we will end up here to allow the customer to implement something to  */
 133:Generated_Source\PSoC4/cyfitter_cfg.c ****     /* deal with the clock condition.                                       */
 134:Generated_Source\PSoC4/cyfitter_cfg.c **** 
 135:Generated_Source\PSoC4/cyfitter_cfg.c **** #ifdef CY_CFG_CLOCK_STARTUP_ERROR_CALLBACK
 136:Generated_Source\PSoC4/cyfitter_cfg.c ****     CY_CFG_Clock_Startup_ErrorCallback();
 137:Generated_Source\PSoC4/cyfitter_cfg.c **** #else
 138:Generated_Source\PSoC4/cyfitter_cfg.c ****     /*  If not using CY_CFG_CLOCK_STARTUP_ERROR_CALLBACK, place your clock startup code here. */
 139:Generated_Source\PSoC4/cyfitter_cfg.c ****     /* `#START CyClockStartupError` */
 140:Generated_Source\PSoC4/cyfitter_cfg.c **** 
 141:Generated_Source\PSoC4/cyfitter_cfg.c **** 
 142:Generated_Source\PSoC4/cyfitter_cfg.c **** 
 143:Generated_Source\PSoC4/cyfitter_cfg.c ****     /* `#END` */
 144:Generated_Source\PSoC4/cyfitter_cfg.c **** 
 145:Generated_Source\PSoC4/cyfitter_cfg.c ****     while(1) {}
 146:Generated_Source\PSoC4/cyfitter_cfg.c **** #endif /* CY_CFG_CLOCK_STARTUP_ERROR_CALLBACK */
 147:Generated_Source\PSoC4/cyfitter_cfg.c **** }
 148:Generated_Source\PSoC4/cyfitter_cfg.c **** #endif
 149:Generated_Source\PSoC4/cyfitter_cfg.c **** 
ARM GAS  C:\Users\Tech\AppData\Local\Temp\ccLu1oJY.s 			page 6


 150:Generated_Source\PSoC4/cyfitter_cfg.c **** 
 151:Generated_Source\PSoC4/cyfitter_cfg.c **** 
 152:Generated_Source\PSoC4/cyfitter_cfg.c **** /*******************************************************************************
 153:Generated_Source\PSoC4/cyfitter_cfg.c **** * Function Name: ClockSetup
 154:Generated_Source\PSoC4/cyfitter_cfg.c **** ********************************************************************************
 155:Generated_Source\PSoC4/cyfitter_cfg.c **** *
 156:Generated_Source\PSoC4/cyfitter_cfg.c **** * Summary:
 157:Generated_Source\PSoC4/cyfitter_cfg.c **** *   Performs the initialization of all of the clocks in the device based on the
 158:Generated_Source\PSoC4/cyfitter_cfg.c **** *   settings in the Clock tab of the DWR.  This includes enabling the requested
 159:Generated_Source\PSoC4/cyfitter_cfg.c **** *   clocks and setting the necessary dividers to produce the desired frequency. 
 160:Generated_Source\PSoC4/cyfitter_cfg.c **** *
 161:Generated_Source\PSoC4/cyfitter_cfg.c **** * Parameters:
 162:Generated_Source\PSoC4/cyfitter_cfg.c **** *   void
 163:Generated_Source\PSoC4/cyfitter_cfg.c **** *
 164:Generated_Source\PSoC4/cyfitter_cfg.c **** * Return:
 165:Generated_Source\PSoC4/cyfitter_cfg.c **** *   void
 166:Generated_Source\PSoC4/cyfitter_cfg.c **** *
 167:Generated_Source\PSoC4/cyfitter_cfg.c **** *******************************************************************************/
 168:Generated_Source\PSoC4/cyfitter_cfg.c **** static void ClockSetup(void);
 169:Generated_Source\PSoC4/cyfitter_cfg.c **** CY_CFG_SECTION
 170:Generated_Source\PSoC4/cyfitter_cfg.c **** static void ClockSetup(void)
 171:Generated_Source\PSoC4/cyfitter_cfg.c **** {
 137              		.loc 1 171 0
 138              		.cfi_startproc
 139              		@ args = 0, pretend = 0, frame = 0
 140              		@ frame_needed = 1, uses_anonymous_args = 0
 141 0000 80B5     		push	{r7, lr}
 142              		.cfi_def_cfa_offset 8
 143              		.cfi_offset 7, -8
 144              		.cfi_offset 14, -4
 145 0002 00AF     		add	r7, sp, #0
 146              		.cfi_def_cfa_register 7
 172:Generated_Source\PSoC4/cyfitter_cfg.c **** 
 173:Generated_Source\PSoC4/cyfitter_cfg.c **** 	/* Set Flash Cycles based on max possible frequency in case a glitch occurs during ClockSetup(). *
 174:Generated_Source\PSoC4/cyfitter_cfg.c **** 	CY_SET_REG32((void CYXDATA *)(CYREG_CPUSS_FLASH_CTL), (0x0012u));
 147              		.loc 1 174 0
 148 0004 234B     		ldr	r3, .L5
 149 0006 1222     		movs	r2, #18
 150 0008 1A60     		str	r2, [r3]
 175:Generated_Source\PSoC4/cyfitter_cfg.c **** 
 176:Generated_Source\PSoC4/cyfitter_cfg.c **** 	/* Start the WCO */
 177:Generated_Source\PSoC4/cyfitter_cfg.c **** 	CySysClkWcoStart();
 151              		.loc 1 177 0
 152 000a FFF7FEFF 		bl	CySysClkWcoStart
 178:Generated_Source\PSoC4/cyfitter_cfg.c **** 	CyDelayCycles(12000000u); /* WCO may take up to 500ms to start */
 153              		.loc 1 178 0
 154 000e 224B     		ldr	r3, .L5+4
 155 0010 1800     		movs	r0, r3
 156 0012 FFF7FEFF 		bl	CyDelayCycles
 179:Generated_Source\PSoC4/cyfitter_cfg.c **** 	(void)CySysClkWcoSetPowerMode(CY_SYS_CLK_WCO_LPM);    /* Switch to the low power mode */
 157              		.loc 1 179 0
 158 0016 0120     		movs	r0, #1
 159 0018 FFF7FEFF 		bl	CySysClkWcoSetPowerMode
 180:Generated_Source\PSoC4/cyfitter_cfg.c **** 
 181:Generated_Source\PSoC4/cyfitter_cfg.c **** 	/* Setup and trim IMO based on desired frequency. */
 182:Generated_Source\PSoC4/cyfitter_cfg.c **** 	CySysClkWriteImoFreq(48u);
 160              		.loc 1 182 0
ARM GAS  C:\Users\Tech\AppData\Local\Temp\ccLu1oJY.s 			page 7


 161 001c 3020     		movs	r0, #48
 162 001e FFF7FEFF 		bl	CySysClkWriteImoFreq
 183:Generated_Source\PSoC4/cyfitter_cfg.c **** 	/* CYDEV_CLK_ILO_CONFIG Starting address: CYDEV_CLK_ILO_CONFIG */
 184:Generated_Source\PSoC4/cyfitter_cfg.c **** 	CY_SET_REG32((void *)(CYREG_CLK_ILO_CONFIG), 0x80000006u);
 163              		.loc 1 184 0
 164 0022 1E4B     		ldr	r3, .L5+8
 165 0024 1E4A     		ldr	r2, .L5+12
 166 0026 1A60     		str	r2, [r3]
 185:Generated_Source\PSoC4/cyfitter_cfg.c **** 
 186:Generated_Source\PSoC4/cyfitter_cfg.c **** 	/* CYDEV_WDT_CONFIG Starting address: CYDEV_WDT_CONFIG */
 187:Generated_Source\PSoC4/cyfitter_cfg.c **** 	CY_SET_REG32((void *)(CYREG_WDT_CONFIG), 0x40000000u);
 167              		.loc 1 187 0
 168 0028 1E4B     		ldr	r3, .L5+16
 169 002a 8022     		movs	r2, #128
 170 002c D205     		lsls	r2, r2, #23
 171 002e 1A60     		str	r2, [r3]
 188:Generated_Source\PSoC4/cyfitter_cfg.c **** 
 189:Generated_Source\PSoC4/cyfitter_cfg.c **** 
 190:Generated_Source\PSoC4/cyfitter_cfg.c **** 	/* Enable fast start mode for XO */
 191:Generated_Source\PSoC4/cyfitter_cfg.c **** 	CY_SET_REG32((void*)CYREG_BLE_BLERD_BB_XO, CY_GET_REG32((void*)CYREG_BLE_BLERD_BB_XO) | (uint32)0x
 172              		.loc 1 191 0
 173 0030 1D4B     		ldr	r3, .L5+20
 174 0032 1D4A     		ldr	r2, .L5+20
 175 0034 1268     		ldr	r2, [r2]
 176 0036 0221     		movs	r1, #2
 177 0038 0A43     		orrs	r2, r1
 178 003a 1A60     		str	r2, [r3]
 192:Generated_Source\PSoC4/cyfitter_cfg.c **** 	CY_SET_REG32((void *)(CYREG_BLE_BLERD_BB_XO_CAPTRIM), 0x00007171u);
 179              		.loc 1 192 0
 180 003c 1B4B     		ldr	r3, .L5+24
 181 003e 1C4A     		ldr	r2, .L5+28
 182 0040 1A60     		str	r2, [r3]
 193:Generated_Source\PSoC4/cyfitter_cfg.c **** 	/*Set XTAL(ECO) divider*/
 194:Generated_Source\PSoC4/cyfitter_cfg.c **** 	CY_SET_REG32((void *)(CYREG_BLE_BLESS_XTAL_CLK_DIV_CONFIG), 0x00000000u);
 183              		.loc 1 194 0
 184 0042 1C4B     		ldr	r3, .L5+32
 185 0044 0022     		movs	r2, #0
 186 0046 1A60     		str	r2, [r3]
 195:Generated_Source\PSoC4/cyfitter_cfg.c **** 	/* Disable Crystal Stable Interrupt before enabling ECO */
 196:Generated_Source\PSoC4/cyfitter_cfg.c **** 	CY_SET_REG32((void*)CYREG_BLE_BLESS_LL_DSM_CTRL, CY_GET_REG32((void*)CYREG_BLE_BLESS_LL_DSM_CTRL) 
 187              		.loc 1 196 0
 188 0048 1B4B     		ldr	r3, .L5+36
 189 004a 1B4A     		ldr	r2, .L5+36
 190 004c 1268     		ldr	r2, [r2]
 191 004e 0821     		movs	r1, #8
 192 0050 8A43     		bics	r2, r1
 193 0052 1A60     		str	r2, [r3]
 197:Generated_Source\PSoC4/cyfitter_cfg.c **** 	/* Start the ECO and do not check status since it is not needed for HFCLK */
 198:Generated_Source\PSoC4/cyfitter_cfg.c **** 	(void)CySysClkEcoStart(2000u);
 194              		.loc 1 198 0
 195 0054 FA23     		movs	r3, #250
 196 0056 DB00     		lsls	r3, r3, #3
 197 0058 1800     		movs	r0, r3
 198 005a FFF7FEFF 		bl	CySysClkEcoStart
 199:Generated_Source\PSoC4/cyfitter_cfg.c **** 	CyDelayUs(1500u); /* Wait to stabilize */
 199              		.loc 1 199 0
 200 005e 174B     		ldr	r3, .L5+40
ARM GAS  C:\Users\Tech\AppData\Local\Temp\ccLu1oJY.s 			page 8


 201 0060 1800     		movs	r0, r3
 202 0062 FFF7FEFF 		bl	CyDelayUs
 200:Generated_Source\PSoC4/cyfitter_cfg.c **** 
 201:Generated_Source\PSoC4/cyfitter_cfg.c **** 	/* Setup phase aligned clocks */
 202:Generated_Source\PSoC4/cyfitter_cfg.c **** 
 203:Generated_Source\PSoC4/cyfitter_cfg.c **** 	/* CYDEV_CLK_IMO_CONFIG Starting address: CYDEV_CLK_IMO_CONFIG */
 204:Generated_Source\PSoC4/cyfitter_cfg.c **** 	CY_SET_REG32((void *)(CYREG_CLK_IMO_CONFIG), 0x80000000u);
 203              		.loc 1 204 0
 204 0066 164B     		ldr	r3, .L5+44
 205 0068 8022     		movs	r2, #128
 206 006a 1206     		lsls	r2, r2, #24
 207 006c 1A60     		str	r2, [r3]
 205:Generated_Source\PSoC4/cyfitter_cfg.c **** 
 206:Generated_Source\PSoC4/cyfitter_cfg.c **** 	/* CYDEV_CLK_SELECT Starting address: CYDEV_CLK_SELECT */
 207:Generated_Source\PSoC4/cyfitter_cfg.c **** 	CY_SET_REG32((void *)(CYREG_CLK_SELECT), 0x00040000u);
 208              		.loc 1 207 0
 209 006e 154B     		ldr	r3, .L5+48
 210 0070 8022     		movs	r2, #128
 211 0072 D202     		lsls	r2, r2, #11
 212 0074 1A60     		str	r2, [r3]
 208:Generated_Source\PSoC4/cyfitter_cfg.c **** 
 209:Generated_Source\PSoC4/cyfitter_cfg.c **** 	(void)CyIntSetVector(8u, &CySysWdtIsr);
 213              		.loc 1 209 0
 214 0076 144B     		ldr	r3, .L5+52
 215 0078 1900     		movs	r1, r3
 216 007a 0820     		movs	r0, #8
 217 007c FFF7FEFF 		bl	CyIntSetVector
 210:Generated_Source\PSoC4/cyfitter_cfg.c **** 	CyIntEnable(8u);
 218              		.loc 1 210 0
 219 0080 0820     		movs	r0, #8
 220 0082 FFF7FEFF 		bl	CyIntEnable
 211:Generated_Source\PSoC4/cyfitter_cfg.c **** 	CY_SET_REG32((void *)(CYREG_WDT_CONFIG), 0x40000000u);
 221              		.loc 1 211 0
 222 0086 074B     		ldr	r3, .L5+16
 223 0088 8022     		movs	r2, #128
 224 008a D205     		lsls	r2, r2, #23
 225 008c 1A60     		str	r2, [r3]
 212:Generated_Source\PSoC4/cyfitter_cfg.c **** }
 226              		.loc 1 212 0
 227 008e C046     		nop
 228 0090 BD46     		mov	sp, r7
 229              		@ sp needed
 230 0092 80BD     		pop	{r7, pc}
 231              	.L6:
 232              		.align	2
 233              	.L5:
 234 0094 30001040 		.word	1074790448
 235 0098 001BB700 		.word	12000000
 236 009c 04010B40 		.word	1074462980
 237 00a0 06000080 		.word	-2147483642
 238 00a4 0C020B40 		.word	1074463244
 239 00a8 78002E40 		.word	1076756600
 240 00ac 7C002E40 		.word	1076756604
 241 00b0 71710000 		.word	29041
 242 00b4 64F02E40 		.word	1076818020
 243 00b8 6CF02E40 		.word	1076818028
 244 00bc DC050000 		.word	1500
ARM GAS  C:\Users\Tech\AppData\Local\Temp\ccLu1oJY.s 			page 9


 245 00c0 08010B40 		.word	1074462984
 246 00c4 00010B40 		.word	1074462976
 247 00c8 00000000 		.word	CySysWdtIsr
 248              		.cfi_endproc
 249              	.LFE5:
 250              		.size	ClockSetup, .-ClockSetup
 251              		.section	.text.AnalogSetDefault,"ax",%progbits
 252              		.align	2
 253              		.code	16
 254              		.thumb_func
 255              		.type	AnalogSetDefault, %function
 256              	AnalogSetDefault:
 257              	.LFB6:
 213:Generated_Source\PSoC4/cyfitter_cfg.c **** 
 214:Generated_Source\PSoC4/cyfitter_cfg.c **** 
 215:Generated_Source\PSoC4/cyfitter_cfg.c **** /* Analog API Functions */
 216:Generated_Source\PSoC4/cyfitter_cfg.c **** 
 217:Generated_Source\PSoC4/cyfitter_cfg.c **** 
 218:Generated_Source\PSoC4/cyfitter_cfg.c **** /*******************************************************************************
 219:Generated_Source\PSoC4/cyfitter_cfg.c **** * Function Name: AnalogSetDefault
 220:Generated_Source\PSoC4/cyfitter_cfg.c **** ********************************************************************************
 221:Generated_Source\PSoC4/cyfitter_cfg.c **** *
 222:Generated_Source\PSoC4/cyfitter_cfg.c **** * Summary:
 223:Generated_Source\PSoC4/cyfitter_cfg.c **** *  Sets up the analog portions of the chip to default values based on chip
 224:Generated_Source\PSoC4/cyfitter_cfg.c **** *  configuration options from the project.
 225:Generated_Source\PSoC4/cyfitter_cfg.c **** *
 226:Generated_Source\PSoC4/cyfitter_cfg.c **** * Parameters:
 227:Generated_Source\PSoC4/cyfitter_cfg.c **** *  void
 228:Generated_Source\PSoC4/cyfitter_cfg.c **** *
 229:Generated_Source\PSoC4/cyfitter_cfg.c **** * Return:
 230:Generated_Source\PSoC4/cyfitter_cfg.c **** *  void
 231:Generated_Source\PSoC4/cyfitter_cfg.c **** *
 232:Generated_Source\PSoC4/cyfitter_cfg.c **** *******************************************************************************/
 233:Generated_Source\PSoC4/cyfitter_cfg.c **** static void AnalogSetDefault(void);
 234:Generated_Source\PSoC4/cyfitter_cfg.c **** static void AnalogSetDefault(void)
 235:Generated_Source\PSoC4/cyfitter_cfg.c **** {
 258              		.loc 1 235 0
 259              		.cfi_startproc
 260              		@ args = 0, pretend = 0, frame = 0
 261              		@ frame_needed = 1, uses_anonymous_args = 0
 262 0000 80B5     		push	{r7, lr}
 263              		.cfi_def_cfa_offset 8
 264              		.cfi_offset 7, -8
 265              		.cfi_offset 14, -4
 266 0002 00AF     		add	r7, sp, #0
 267              		.cfi_def_cfa_register 7
 236:Generated_Source\PSoC4/cyfitter_cfg.c **** 	CY_SET_XTND_REG32((void CYFAR *)CYREG_CTBM0_DFT_CTRL, 0x00000003u);
 268              		.loc 1 236 0
 269 0004 054B     		ldr	r3, .L8
 270 0006 0322     		movs	r2, #3
 271 0008 1A60     		str	r2, [r3]
 237:Generated_Source\PSoC4/cyfitter_cfg.c **** 	CY_SET_XTND_REG32((void CYFAR *)CYREG_CTBM1_DFT_CTRL, 0x00000003u);
 272              		.loc 1 237 0
 273 000a 054B     		ldr	r3, .L8+4
 274 000c 0322     		movs	r2, #3
 275 000e 1A60     		str	r2, [r3]
 238:Generated_Source\PSoC4/cyfitter_cfg.c **** 	CY_SET_XTND_REG32((void CYFAR *)CYREG_PASS_DSAB_DSAB_CTRL, 0x00000000u);
ARM GAS  C:\Users\Tech\AppData\Local\Temp\ccLu1oJY.s 			page 10


 276              		.loc 1 238 0
 277 0010 044B     		ldr	r3, .L8+8
 278 0012 0022     		movs	r2, #0
 279 0014 1A60     		str	r2, [r3]
 239:Generated_Source\PSoC4/cyfitter_cfg.c **** }
 280              		.loc 1 239 0
 281 0016 C046     		nop
 282 0018 BD46     		mov	sp, r7
 283              		@ sp needed
 284 001a 80BD     		pop	{r7, pc}
 285              	.L9:
 286              		.align	2
 287              	.L8:
 288 001c 30003040 		.word	1076887600
 289 0020 30003140 		.word	1076953136
 290 0024 000E3F40 		.word	1077874176
 291              		.cfi_endproc
 292              	.LFE6:
 293              		.size	AnalogSetDefault, .-AnalogSetDefault
 294              		.section	.psocinit
 295              		.align	2
 296              		.global	cyfitter_cfg
 297              		.code	16
 298              		.thumb_func
 299              		.type	cyfitter_cfg, %function
 300              	cyfitter_cfg:
 301              	.LFB7:
 240:Generated_Source\PSoC4/cyfitter_cfg.c **** 
 241:Generated_Source\PSoC4/cyfitter_cfg.c **** 
 242:Generated_Source\PSoC4/cyfitter_cfg.c **** 
 243:Generated_Source\PSoC4/cyfitter_cfg.c **** 
 244:Generated_Source\PSoC4/cyfitter_cfg.c **** /*******************************************************************************
 245:Generated_Source\PSoC4/cyfitter_cfg.c **** * Function Name: cyfitter_cfg
 246:Generated_Source\PSoC4/cyfitter_cfg.c **** ********************************************************************************
 247:Generated_Source\PSoC4/cyfitter_cfg.c **** * Summary:
 248:Generated_Source\PSoC4/cyfitter_cfg.c **** *  This function is called by the start-up code for the selected device. It
 249:Generated_Source\PSoC4/cyfitter_cfg.c **** *  performs all of the necessary device configuration based on the design
 250:Generated_Source\PSoC4/cyfitter_cfg.c **** *  settings.  This includes settings from the Design Wide Resources (DWR) such
 251:Generated_Source\PSoC4/cyfitter_cfg.c **** *  as Clocks and Pins as well as any component configuration that is necessary.
 252:Generated_Source\PSoC4/cyfitter_cfg.c **** *
 253:Generated_Source\PSoC4/cyfitter_cfg.c **** * Parameters:
 254:Generated_Source\PSoC4/cyfitter_cfg.c **** *   void
 255:Generated_Source\PSoC4/cyfitter_cfg.c **** *
 256:Generated_Source\PSoC4/cyfitter_cfg.c **** * Return:
 257:Generated_Source\PSoC4/cyfitter_cfg.c **** *   void
 258:Generated_Source\PSoC4/cyfitter_cfg.c **** *
 259:Generated_Source\PSoC4/cyfitter_cfg.c **** *******************************************************************************/
 260:Generated_Source\PSoC4/cyfitter_cfg.c **** CY_CFG_SECTION
 261:Generated_Source\PSoC4/cyfitter_cfg.c **** void cyfitter_cfg(void)
 262:Generated_Source\PSoC4/cyfitter_cfg.c **** {
 302              		.loc 1 262 0
 303              		.cfi_startproc
 304              		@ args = 0, pretend = 0, frame = 8
 305              		@ frame_needed = 1, uses_anonymous_args = 0
 306 00cc 80B5     		push	{r7, lr}
 307              		.cfi_def_cfa_offset 8
 308              		.cfi_offset 7, -8
ARM GAS  C:\Users\Tech\AppData\Local\Temp\ccLu1oJY.s 			page 11


 309              		.cfi_offset 14, -4
 310 00ce 82B0     		sub	sp, sp, #8
 311              		.cfi_def_cfa_offset 16
 312 00d0 00AF     		add	r7, sp, #0
 313              		.cfi_def_cfa_register 7
 263:Generated_Source\PSoC4/cyfitter_cfg.c **** 	/* Disable interrupts by default. Let user enable if/when they want. */
 264:Generated_Source\PSoC4/cyfitter_cfg.c **** 	CyGlobalIntDisable;
 314              		.loc 1 264 0
 315              		.syntax divided
 316              	@ 264 "Generated_Source\PSoC4\cyfitter_cfg.c" 1
 317 00d2 72B6     		CPSID   i
 318              	@ 0 "" 2
 265:Generated_Source\PSoC4/cyfitter_cfg.c **** 
 266:Generated_Source\PSoC4/cyfitter_cfg.c **** 	CY_SET_REG32((void *)(CYREG_BLE_BLESS_LL_DSM_CTRL), 0x00000000u);
 319              		.loc 1 266 0
 320              		.thumb
 321              		.syntax unified
 322 00d4 304B     		ldr	r3, .L13
 323 00d6 0022     		movs	r2, #0
 324 00d8 1A60     		str	r2, [r3]
 325              	.LBB2:
 267:Generated_Source\PSoC4/cyfitter_cfg.c **** 
 268:Generated_Source\PSoC4/cyfitter_cfg.c **** 	{
 269:Generated_Source\PSoC4/cyfitter_cfg.c **** 
 270:Generated_Source\PSoC4/cyfitter_cfg.c **** 		CYPACKED typedef struct {
 271:Generated_Source\PSoC4/cyfitter_cfg.c **** 			void CYFAR *address;
 272:Generated_Source\PSoC4/cyfitter_cfg.c **** 			uint16 size;
 273:Generated_Source\PSoC4/cyfitter_cfg.c **** 		} CYPACKED_ATTR cfg_memset_t;
 274:Generated_Source\PSoC4/cyfitter_cfg.c **** 
 275:Generated_Source\PSoC4/cyfitter_cfg.c **** 		static const cfg_memset_t CYCODE cfg_memset_list[] = {
 276:Generated_Source\PSoC4/cyfitter_cfg.c **** 			/* address, size */
 277:Generated_Source\PSoC4/cyfitter_cfg.c **** 			{(void CYFAR *)(CYDEV_UDB_P0_U0_BASE), 1024u},
 278:Generated_Source\PSoC4/cyfitter_cfg.c **** 			{(void CYFAR *)(CYDEV_UDB_DSI0_BASE), 1024u},
 279:Generated_Source\PSoC4/cyfitter_cfg.c **** 		};
 280:Generated_Source\PSoC4/cyfitter_cfg.c **** 
 281:Generated_Source\PSoC4/cyfitter_cfg.c **** 		uint8 CYDATA i;
 282:Generated_Source\PSoC4/cyfitter_cfg.c **** 
 283:Generated_Source\PSoC4/cyfitter_cfg.c **** 		/* Zero out critical memory blocks before beginning configuration */
 284:Generated_Source\PSoC4/cyfitter_cfg.c **** 		for (i = 0u; i < (sizeof(cfg_memset_list)/sizeof(cfg_memset_list[0])); i++)
 326              		.loc 1 284 0
 327 00da FB1D     		adds	r3, r7, #7
 328 00dc 0022     		movs	r2, #0
 329 00de 1A70     		strb	r2, [r3]
 330 00e0 22E0     		b	.L11
 331              	.L12:
 332              	.LBB3:
 285:Generated_Source\PSoC4/cyfitter_cfg.c **** 		{
 286:Generated_Source\PSoC4/cyfitter_cfg.c **** 			const cfg_memset_t CYCODE * CYDATA ms = &cfg_memset_list[i];
 333              		.loc 1 286 0 discriminator 3
 334 00e2 FB1D     		adds	r3, r7, #7
 335 00e4 1A78     		ldrb	r2, [r3]
 336 00e6 1300     		movs	r3, r2
 337 00e8 5B00     		lsls	r3, r3, #1
 338 00ea 9B18     		adds	r3, r3, r2
 339 00ec 5B00     		lsls	r3, r3, #1
 340 00ee 2B4A     		ldr	r2, .L13+4
 341 00f0 9B18     		adds	r3, r3, r2
ARM GAS  C:\Users\Tech\AppData\Local\Temp\ccLu1oJY.s 			page 12


 342 00f2 3B60     		str	r3, [r7]
 287:Generated_Source\PSoC4/cyfitter_cfg.c **** 			CYMEMZERO(ms->address, (size_t)(uint32)(ms->size));
 343              		.loc 1 287 0 discriminator 3
 344 00f4 3B68     		ldr	r3, [r7]
 345 00f6 1A78     		ldrb	r2, [r3]
 346 00f8 5978     		ldrb	r1, [r3, #1]
 347 00fa 0902     		lsls	r1, r1, #8
 348 00fc 0A43     		orrs	r2, r1
 349 00fe 9978     		ldrb	r1, [r3, #2]
 350 0100 0904     		lsls	r1, r1, #16
 351 0102 0A43     		orrs	r2, r1
 352 0104 DB78     		ldrb	r3, [r3, #3]
 353 0106 1B06     		lsls	r3, r3, #24
 354 0108 1343     		orrs	r3, r2
 355 010a 1800     		movs	r0, r3
 356 010c 3B68     		ldr	r3, [r7]
 357 010e 1A79     		ldrb	r2, [r3, #4]
 358 0110 5B79     		ldrb	r3, [r3, #5]
 359 0112 1B02     		lsls	r3, r3, #8
 360 0114 1343     		orrs	r3, r2
 361 0116 9BB2     		uxth	r3, r3
 362 0118 1900     		movs	r1, r3
 363 011a FFF7FEFF 		bl	CYMEMZERO
 364              	.LBE3:
 284:Generated_Source\PSoC4/cyfitter_cfg.c **** 		{
 365              		.loc 1 284 0 discriminator 3
 366 011e FB1D     		adds	r3, r7, #7
 367 0120 1A78     		ldrb	r2, [r3]
 368 0122 FB1D     		adds	r3, r7, #7
 369 0124 0132     		adds	r2, r2, #1
 370 0126 1A70     		strb	r2, [r3]
 371              	.L11:
 284:Generated_Source\PSoC4/cyfitter_cfg.c **** 		{
 372              		.loc 1 284 0 is_stmt 0 discriminator 1
 373 0128 FB1D     		adds	r3, r7, #7
 374 012a 1B78     		ldrb	r3, [r3]
 375 012c 012B     		cmp	r3, #1
 376 012e D8D9     		bls	.L12
 288:Generated_Source\PSoC4/cyfitter_cfg.c **** 		}
 289:Generated_Source\PSoC4/cyfitter_cfg.c **** 
 290:Generated_Source\PSoC4/cyfitter_cfg.c **** 		/* HSIOM Starting address: CYDEV_HSIOM_BASE */
 291:Generated_Source\PSoC4/cyfitter_cfg.c **** 		CY_SET_REG32((void *)(CYDEV_HSIOM_BASE), 0xEE000000u);
 377              		.loc 1 291 0 is_stmt 1
 378 0130 1B4B     		ldr	r3, .L13+8
 379 0132 EE22     		movs	r2, #238
 380 0134 1206     		lsls	r2, r2, #24
 381 0136 1A60     		str	r2, [r3]
 292:Generated_Source\PSoC4/cyfitter_cfg.c **** 
 293:Generated_Source\PSoC4/cyfitter_cfg.c **** 		/* UDB_PA_0 Starting address: CYDEV_UDB_PA0_BASE */
 294:Generated_Source\PSoC4/cyfitter_cfg.c **** 		CY_SET_REG32((void *)(CYDEV_UDB_PA0_BASE), 0x00990000u);
 382              		.loc 1 294 0
 383 0138 1A4B     		ldr	r3, .L13+12
 384 013a 9922     		movs	r2, #153
 385 013c 1204     		lsls	r2, r2, #16
 386 013e 1A60     		str	r2, [r3]
 295:Generated_Source\PSoC4/cyfitter_cfg.c **** 
 296:Generated_Source\PSoC4/cyfitter_cfg.c **** 		/* UDB_PA_2 Starting address: CYDEV_UDB_PA2_BASE */
ARM GAS  C:\Users\Tech\AppData\Local\Temp\ccLu1oJY.s 			page 13


 297:Generated_Source\PSoC4/cyfitter_cfg.c **** 		CY_SET_REG32((void *)(CYDEV_UDB_PA2_BASE), 0x00990000u);
 387              		.loc 1 297 0
 388 0140 194B     		ldr	r3, .L13+16
 389 0142 9922     		movs	r2, #153
 390 0144 1204     		lsls	r2, r2, #16
 391 0146 1A60     		str	r2, [r3]
 298:Generated_Source\PSoC4/cyfitter_cfg.c **** 
 299:Generated_Source\PSoC4/cyfitter_cfg.c **** 		/* UDB_PA_3 Starting address: CYDEV_UDB_PA3_BASE */
 300:Generated_Source\PSoC4/cyfitter_cfg.c **** 		CY_SET_REG32((void *)(CYDEV_UDB_PA3_BASE), 0x00990000u);
 392              		.loc 1 300 0
 393 0148 184B     		ldr	r3, .L13+20
 394 014a 9922     		movs	r2, #153
 395 014c 1204     		lsls	r2, r2, #16
 396 014e 1A60     		str	r2, [r3]
 301:Generated_Source\PSoC4/cyfitter_cfg.c **** 
 302:Generated_Source\PSoC4/cyfitter_cfg.c **** 		/* Enable digital routing */
 303:Generated_Source\PSoC4/cyfitter_cfg.c **** 		CY_SET_XTND_REG8((void *)CYREG_UDB_UDBIF_BANK_CTL, (uint8)(CY_GET_XTND_REG8((void *)CYREG_UDB_UDB
 397              		.loc 1 303 0
 398 0150 174A     		ldr	r2, .L13+24
 399 0152 174B     		ldr	r3, .L13+24
 400 0154 1B78     		ldrb	r3, [r3]
 401 0156 DBB2     		uxtb	r3, r3
 402 0158 0621     		movs	r1, #6
 403 015a 0B43     		orrs	r3, r1
 404 015c DBB2     		uxtb	r3, r3
 405 015e 1370     		strb	r3, [r2]
 406              	.LBE2:
 304:Generated_Source\PSoC4/cyfitter_cfg.c **** 	}
 305:Generated_Source\PSoC4/cyfitter_cfg.c **** 
 306:Generated_Source\PSoC4/cyfitter_cfg.c **** 	/* Perform second pass device configuration. These items must be configured in specific order afte
 307:Generated_Source\PSoC4/cyfitter_cfg.c **** 	/* IOPINS0_0 Starting address: CYDEV_GPIO_PRT0_BASE */
 308:Generated_Source\PSoC4/cyfitter_cfg.c **** 	CY_SET_REG32((void *)(CYDEV_GPIO_PRT0_BASE), 0x00000002u);
 407              		.loc 1 308 0
 408 0160 144B     		ldr	r3, .L13+28
 409 0162 0222     		movs	r2, #2
 410 0164 1A60     		str	r2, [r3]
 309:Generated_Source\PSoC4/cyfitter_cfg.c **** 	CY_SET_REG32((void *)(CYREG_GPIO_PRT0_PC), 0x40D80020u);
 411              		.loc 1 309 0
 412 0166 144B     		ldr	r3, .L13+32
 413 0168 144A     		ldr	r2, .L13+36
 414 016a 1A60     		str	r2, [r3]
 310:Generated_Source\PSoC4/cyfitter_cfg.c **** 
 311:Generated_Source\PSoC4/cyfitter_cfg.c **** 	/* IOPINS0_2 Starting address: CYDEV_GPIO_PRT2_BASE */
 312:Generated_Source\PSoC4/cyfitter_cfg.c **** 	CY_SET_REG32((void *)(CYDEV_GPIO_PRT2_BASE), 0x00000040u);
 415              		.loc 1 312 0
 416 016c 144B     		ldr	r3, .L13+40
 417 016e 4022     		movs	r2, #64
 418 0170 1A60     		str	r2, [r3]
 313:Generated_Source\PSoC4/cyfitter_cfg.c **** 	CY_SET_REG32((void *)(CYREG_GPIO_PRT2_PC), 0x00100000u);
 419              		.loc 1 313 0
 420 0172 144B     		ldr	r3, .L13+44
 421 0174 8022     		movs	r2, #128
 422 0176 5203     		lsls	r2, r2, #13
 423 0178 1A60     		str	r2, [r3]
 314:Generated_Source\PSoC4/cyfitter_cfg.c **** 
 315:Generated_Source\PSoC4/cyfitter_cfg.c **** 	/* IOPINS0_3 Starting address: CYDEV_GPIO_PRT3_BASE */
 316:Generated_Source\PSoC4/cyfitter_cfg.c **** 	CY_SET_REG32((void *)(CYDEV_GPIO_PRT3_BASE), 0x00000040u);
ARM GAS  C:\Users\Tech\AppData\Local\Temp\ccLu1oJY.s 			page 14


 424              		.loc 1 316 0
 425 017a 134B     		ldr	r3, .L13+48
 426 017c 4022     		movs	r2, #64
 427 017e 1A60     		str	r2, [r3]
 317:Generated_Source\PSoC4/cyfitter_cfg.c **** 	CY_SET_REG32((void *)(CYREG_GPIO_PRT3_PC), 0x00100000u);
 428              		.loc 1 317 0
 429 0180 124B     		ldr	r3, .L13+52
 430 0182 8022     		movs	r2, #128
 431 0184 5203     		lsls	r2, r2, #13
 432 0186 1A60     		str	r2, [r3]
 318:Generated_Source\PSoC4/cyfitter_cfg.c **** 
 319:Generated_Source\PSoC4/cyfitter_cfg.c **** 
 320:Generated_Source\PSoC4/cyfitter_cfg.c **** 	/* Setup clocks based on selections from Clock DWR */
 321:Generated_Source\PSoC4/cyfitter_cfg.c **** 	ClockSetup();
 433              		.loc 1 321 0
 434 0188 FFF73AFF 		bl	ClockSetup
 322:Generated_Source\PSoC4/cyfitter_cfg.c **** 
 323:Generated_Source\PSoC4/cyfitter_cfg.c **** 	/* Perform basic analog initialization to defaults */
 324:Generated_Source\PSoC4/cyfitter_cfg.c **** 	AnalogSetDefault();
 435              		.loc 1 324 0
 436 018c FFF7FEFF 		bl	AnalogSetDefault
 325:Generated_Source\PSoC4/cyfitter_cfg.c **** 
 326:Generated_Source\PSoC4/cyfitter_cfg.c **** }
 437              		.loc 1 326 0
 438 0190 C046     		nop
 439 0192 BD46     		mov	sp, r7
 440 0194 02B0     		add	sp, sp, #8
 441              		@ sp needed
 442 0196 80BD     		pop	{r7, pc}
 443              	.L14:
 444              		.align	2
 445              	.L13:
 446 0198 6CF02E40 		.word	1076818028
 447 019c 00000000 		.word	cfg_memset_list.4884
 448 01a0 00000240 		.word	1073872896
 449 01a4 00500F40 		.word	1074745344
 450 01a8 20500F40 		.word	1074745376
 451 01ac 30500F40 		.word	1074745392
 452 01b0 00700F40 		.word	1074753536
 453 01b4 00000440 		.word	1074003968
 454 01b8 08000440 		.word	1074003976
 455 01bc 2000D840 		.word	1087897632
 456 01c0 00020440 		.word	1074004480
 457 01c4 08020440 		.word	1074004488
 458 01c8 00030440 		.word	1074004736
 459 01cc 08030440 		.word	1074004744
 460              		.cfi_endproc
 461              	.LFE7:
 462              		.size	cyfitter_cfg, .-cyfitter_cfg
 463              		.section	.rodata
 464              		.align	2
 465              		.type	cfg_memset_list.4884, %object
 466              		.size	cfg_memset_list.4884, 12
 467              	cfg_memset_list.4884:
 468 0000 00300F40 		.word	1074737152
 469 0004 0004     		.short	1024
 470 0006 00400F40 		.4byte	1074741248
ARM GAS  C:\Users\Tech\AppData\Local\Temp\ccLu1oJY.s 			page 15


 471 000a 0004     		.short	1024
 472              		.text
 473              	.Letext0:
 474              		.file 2 "c:\\program files (x86)\\cypress\\psoc creator\\4.4\\psoc creator\\import\\gnu\\arm\\5.4.
 475              		.file 3 "Generated_Source\\PSoC4\\cytypes.h"
 476              		.section	.debug_info,"",%progbits
 477              	.Ldebug_info0:
 478 0000 55020000 		.4byte	0x255
 479 0004 0400     		.2byte	0x4
 480 0006 00000000 		.4byte	.Ldebug_abbrev0
 481 000a 04       		.byte	0x4
 482 000b 01       		.uleb128 0x1
 483 000c 83000000 		.4byte	.LASF30
 484 0010 0C       		.byte	0xc
 485 0011 08020000 		.4byte	.LASF31
 486 0015 26010000 		.4byte	.LASF32
 487 0019 00000000 		.4byte	.Ldebug_ranges0+0
 488 001d 00000000 		.4byte	0
 489 0021 00000000 		.4byte	.Ldebug_line0
 490 0025 02       		.uleb128 0x2
 491 0026 04       		.byte	0x4
 492 0027 05       		.byte	0x5
 493 0028 696E7400 		.ascii	"int\000"
 494 002c 03       		.uleb128 0x3
 495 002d 06000000 		.4byte	.LASF12
 496 0031 02       		.byte	0x2
 497 0032 D8       		.byte	0xd8
 498 0033 37000000 		.4byte	0x37
 499 0037 04       		.uleb128 0x4
 500 0038 04       		.byte	0x4
 501 0039 07       		.byte	0x7
 502 003a 7B010000 		.4byte	.LASF0
 503 003e 04       		.uleb128 0x4
 504 003f 08       		.byte	0x8
 505 0040 05       		.byte	0x5
 506 0041 CA010000 		.4byte	.LASF1
 507 0045 04       		.uleb128 0x4
 508 0046 08       		.byte	0x8
 509 0047 04       		.byte	0x4
 510 0048 F0010000 		.4byte	.LASF2
 511 004c 04       		.uleb128 0x4
 512 004d 01       		.byte	0x1
 513 004e 06       		.byte	0x6
 514 004f FC010000 		.4byte	.LASF3
 515 0053 04       		.uleb128 0x4
 516 0054 01       		.byte	0x1
 517 0055 08       		.byte	0x8
 518 0056 11010000 		.4byte	.LASF4
 519 005a 04       		.uleb128 0x4
 520 005b 02       		.byte	0x2
 521 005c 05       		.byte	0x5
 522 005d DD010000 		.4byte	.LASF5
 523 0061 04       		.uleb128 0x4
 524 0062 02       		.byte	0x2
 525 0063 07       		.byte	0x7
 526 0064 39000000 		.4byte	.LASF6
 527 0068 04       		.uleb128 0x4
ARM GAS  C:\Users\Tech\AppData\Local\Temp\ccLu1oJY.s 			page 16


 528 0069 04       		.byte	0x4
 529 006a 05       		.byte	0x5
 530 006b E7010000 		.4byte	.LASF7
 531 006f 04       		.uleb128 0x4
 532 0070 04       		.byte	0x4
 533 0071 07       		.byte	0x7
 534 0072 61000000 		.4byte	.LASF8
 535 0076 04       		.uleb128 0x4
 536 0077 08       		.byte	0x8
 537 0078 07       		.byte	0x7
 538 0079 9D010000 		.4byte	.LASF9
 539 007d 04       		.uleb128 0x4
 540 007e 04       		.byte	0x4
 541 007f 07       		.byte	0x7
 542 0080 C1010000 		.4byte	.LASF10
 543 0084 05       		.uleb128 0x5
 544 0085 04       		.byte	0x4
 545 0086 04       		.uleb128 0x4
 546 0087 01       		.byte	0x1
 547 0088 08       		.byte	0x8
 548 0089 D8010000 		.4byte	.LASF11
 549 008d 06       		.uleb128 0x6
 550 008e 73000000 		.4byte	.LASF13
 551 0092 03       		.byte	0x3
 552 0093 FB01     		.2byte	0x1fb
 553 0095 53000000 		.4byte	0x53
 554 0099 06       		.uleb128 0x6
 555 009a 6D010000 		.4byte	.LASF14
 556 009e 03       		.byte	0x3
 557 009f FC01     		.2byte	0x1fc
 558 00a1 61000000 		.4byte	0x61
 559 00a5 06       		.uleb128 0x6
 560 00a6 74010000 		.4byte	.LASF15
 561 00aa 03       		.byte	0x3
 562 00ab FD01     		.2byte	0x1fd
 563 00ad 6F000000 		.4byte	0x6f
 564 00b1 04       		.uleb128 0x4
 565 00b2 04       		.byte	0x4
 566 00b3 04       		.byte	0x4
 567 00b4 4C000000 		.4byte	.LASF16
 568 00b8 04       		.uleb128 0x4
 569 00b9 08       		.byte	0x8
 570 00ba 04       		.byte	0x4
 571 00bb 1F010000 		.4byte	.LASF17
 572 00bf 06       		.uleb128 0x6
 573 00c0 5C000000 		.4byte	.LASF18
 574 00c4 03       		.byte	0x3
 575 00c5 A502     		.2byte	0x2a5
 576 00c7 CB000000 		.4byte	0xcb
 577 00cb 07       		.uleb128 0x7
 578 00cc 8D000000 		.4byte	0x8d
 579 00d0 06       		.uleb128 0x6
 580 00d1 00000000 		.4byte	.LASF19
 581 00d5 03       		.byte	0x3
 582 00d6 A702     		.2byte	0x2a7
 583 00d8 DC000000 		.4byte	0xdc
 584 00dc 07       		.uleb128 0x7
ARM GAS  C:\Users\Tech\AppData\Local\Temp\ccLu1oJY.s 			page 17


 585 00dd A5000000 		.4byte	0xa5
 586 00e1 08       		.uleb128 0x8
 587 00e2 79000000 		.4byte	.LASF20
 588 00e6 01       		.byte	0x1
 589 00e7 4C       		.byte	0x4c
 590 00e8 00000000 		.4byte	.LFB2
 591 00ec 1E000000 		.4byte	.LFE2-.LFB2
 592 00f0 01       		.uleb128 0x1
 593 00f1 9C       		.byte	0x9c
 594 00f2 0F010000 		.4byte	0x10f
 595 00f6 09       		.uleb128 0x9
 596 00f7 7300     		.ascii	"s\000"
 597 00f9 01       		.byte	0x1
 598 00fa 4C       		.byte	0x4c
 599 00fb 84000000 		.4byte	0x84
 600 00ff 02       		.uleb128 0x2
 601 0100 91       		.byte	0x91
 602 0101 74       		.sleb128 -12
 603 0102 09       		.uleb128 0x9
 604 0103 6E00     		.ascii	"n\000"
 605 0105 01       		.byte	0x1
 606 0106 4C       		.byte	0x4c
 607 0107 2C000000 		.4byte	0x2c
 608 010b 02       		.uleb128 0x2
 609 010c 91       		.byte	0x91
 610 010d 70       		.sleb128 -16
 611 010e 00       		.byte	0
 612 010f 08       		.uleb128 0x8
 613 0110 3E020000 		.4byte	.LASF21
 614 0114 01       		.byte	0x1
 615 0115 53       		.byte	0x53
 616 0116 00000000 		.4byte	.LFB3
 617 011a 20000000 		.4byte	.LFE3-.LFB3
 618 011e 01       		.uleb128 0x1
 619 011f 9C       		.byte	0x9c
 620 0120 4D010000 		.4byte	0x14d
 621 0124 0A       		.uleb128 0xa
 622 0125 52000000 		.4byte	.LASF22
 623 0129 01       		.byte	0x1
 624 012a 53       		.byte	0x53
 625 012b 84000000 		.4byte	0x84
 626 012f 02       		.uleb128 0x2
 627 0130 91       		.byte	0x91
 628 0131 74       		.sleb128 -12
 629 0132 09       		.uleb128 0x9
 630 0133 73726300 		.ascii	"src\000"
 631 0137 01       		.byte	0x1
 632 0138 53       		.byte	0x53
 633 0139 4D010000 		.4byte	0x14d
 634 013d 02       		.uleb128 0x2
 635 013e 91       		.byte	0x91
 636 013f 70       		.sleb128 -16
 637 0140 09       		.uleb128 0x9
 638 0141 6E00     		.ascii	"n\000"
 639 0143 01       		.byte	0x1
 640 0144 53       		.byte	0x53
 641 0145 2C000000 		.4byte	0x2c
ARM GAS  C:\Users\Tech\AppData\Local\Temp\ccLu1oJY.s 			page 18


 642 0149 02       		.uleb128 0x2
 643 014a 91       		.byte	0x91
 644 014b 6C       		.sleb128 -20
 645 014c 00       		.byte	0
 646 014d 0B       		.uleb128 0xb
 647 014e 04       		.byte	0x4
 648 014f 53010000 		.4byte	0x153
 649 0153 0C       		.uleb128 0xc
 650 0154 08       		.uleb128 0x8
 651 0155 2E020000 		.4byte	.LASF23
 652 0159 01       		.byte	0x1
 653 015a 5A       		.byte	0x5a
 654 015b 00000000 		.4byte	.LFB4
 655 015f 20000000 		.4byte	.LFE4-.LFB4
 656 0163 01       		.uleb128 0x1
 657 0164 9C       		.byte	0x9c
 658 0165 92010000 		.4byte	0x192
 659 0169 0A       		.uleb128 0xa
 660 016a 52000000 		.4byte	.LASF22
 661 016e 01       		.byte	0x1
 662 016f 5A       		.byte	0x5a
 663 0170 84000000 		.4byte	0x84
 664 0174 02       		.uleb128 0x2
 665 0175 91       		.byte	0x91
 666 0176 74       		.sleb128 -12
 667 0177 09       		.uleb128 0x9
 668 0178 73726300 		.ascii	"src\000"
 669 017c 01       		.byte	0x1
 670 017d 5A       		.byte	0x5a
 671 017e 4D010000 		.4byte	0x14d
 672 0182 02       		.uleb128 0x2
 673 0183 91       		.byte	0x91
 674 0184 70       		.sleb128 -16
 675 0185 09       		.uleb128 0x9
 676 0186 6E00     		.ascii	"n\000"
 677 0188 01       		.byte	0x1
 678 0189 5A       		.byte	0x5a
 679 018a 2C000000 		.4byte	0x2c
 680 018e 02       		.uleb128 0x2
 681 018f 91       		.byte	0x91
 682 0190 6C       		.sleb128 -20
 683 0191 00       		.byte	0
 684 0192 0D       		.uleb128 0xd
 685 0193 2E000000 		.4byte	.LASF24
 686 0197 01       		.byte	0x1
 687 0198 AA       		.byte	0xaa
 688 0199 00000000 		.4byte	.LFB5
 689 019d CC000000 		.4byte	.LFE5-.LFB5
 690 01a1 01       		.uleb128 0x1
 691 01a2 9C       		.byte	0x9c
 692 01a3 0E       		.uleb128 0xe
 693 01a4 0D000000 		.4byte	.LASF25
 694 01a8 01       		.byte	0x1
 695 01a9 EA       		.byte	0xea
 696 01aa 00000000 		.4byte	.LFB6
 697 01ae 28000000 		.4byte	.LFE6-.LFB6
 698 01b2 01       		.uleb128 0x1
ARM GAS  C:\Users\Tech\AppData\Local\Temp\ccLu1oJY.s 			page 19


 699 01b3 9C       		.byte	0x9c
 700 01b4 0F       		.uleb128 0xf
 701 01b5 88010000 		.4byte	.LASF33
 702 01b9 01       		.byte	0x1
 703 01ba 0501     		.2byte	0x105
 704 01bc CC000000 		.4byte	.LFB7
 705 01c0 04010000 		.4byte	.LFE7-.LFB7
 706 01c4 01       		.uleb128 0x1
 707 01c5 9C       		.byte	0x9c
 708 01c6 10       		.uleb128 0x10
 709 01c7 DA000000 		.4byte	.LBB2
 710 01cb 86000000 		.4byte	.LBE2-.LBB2
 711 01cf 11       		.uleb128 0x11
 712 01d0 06       		.byte	0x6
 713 01d1 01       		.byte	0x1
 714 01d2 0E01     		.2byte	0x10e
 715 01d4 F3010000 		.4byte	0x1f3
 716 01d8 12       		.uleb128 0x12
 717 01d9 95010000 		.4byte	.LASF26
 718 01dd 01       		.byte	0x1
 719 01de 0F01     		.2byte	0x10f
 720 01e0 84000000 		.4byte	0x84
 721 01e4 00       		.byte	0
 722 01e5 12       		.uleb128 0x12
 723 01e6 57000000 		.4byte	.LASF27
 724 01ea 01       		.byte	0x1
 725 01eb 1001     		.2byte	0x110
 726 01ed 99000000 		.4byte	0x99
 727 01f1 04       		.byte	0x4
 728 01f2 00       		.byte	0
 729 01f3 06       		.uleb128 0x6
 730 01f4 B4010000 		.4byte	.LASF28
 731 01f8 01       		.byte	0x1
 732 01f9 1101     		.2byte	0x111
 733 01fb CF010000 		.4byte	0x1cf
 734 01ff 13       		.uleb128 0x13
 735 0200 0F020000 		.4byte	0x20f
 736 0204 0F020000 		.4byte	0x20f
 737 0208 14       		.uleb128 0x14
 738 0209 7D000000 		.4byte	0x7d
 739 020d 01       		.byte	0x1
 740 020e 00       		.byte	0
 741 020f 15       		.uleb128 0x15
 742 0210 F3010000 		.4byte	0x1f3
 743 0214 16       		.uleb128 0x16
 744 0215 1E000000 		.4byte	.LASF29
 745 0219 01       		.byte	0x1
 746 021a 1301     		.2byte	0x113
 747 021c 26020000 		.4byte	0x226
 748 0220 05       		.uleb128 0x5
 749 0221 03       		.byte	0x3
 750 0222 00000000 		.4byte	cfg_memset_list.4884
 751 0226 15       		.uleb128 0x15
 752 0227 FF010000 		.4byte	0x1ff
 753 022b 17       		.uleb128 0x17
 754 022c 6900     		.ascii	"i\000"
 755 022e 01       		.byte	0x1
ARM GAS  C:\Users\Tech\AppData\Local\Temp\ccLu1oJY.s 			page 20


 756 022f 1901     		.2byte	0x119
 757 0231 8D000000 		.4byte	0x8d
 758 0235 02       		.uleb128 0x2
 759 0236 91       		.byte	0x91
 760 0237 77       		.sleb128 -9
 761 0238 10       		.uleb128 0x10
 762 0239 E2000000 		.4byte	.LBB3
 763 023d 3C000000 		.4byte	.LBE3-.LBB3
 764 0241 17       		.uleb128 0x17
 765 0242 6D7300   		.ascii	"ms\000"
 766 0245 01       		.byte	0x1
 767 0246 1E01     		.2byte	0x11e
 768 0248 4F020000 		.4byte	0x24f
 769 024c 02       		.uleb128 0x2
 770 024d 91       		.byte	0x91
 771 024e 70       		.sleb128 -16
 772 024f 0B       		.uleb128 0xb
 773 0250 04       		.byte	0x4
 774 0251 0F020000 		.4byte	0x20f
 775 0255 00       		.byte	0
 776 0256 00       		.byte	0
 777 0257 00       		.byte	0
 778 0258 00       		.byte	0
 779              		.section	.debug_abbrev,"",%progbits
 780              	.Ldebug_abbrev0:
 781 0000 01       		.uleb128 0x1
 782 0001 11       		.uleb128 0x11
 783 0002 01       		.byte	0x1
 784 0003 25       		.uleb128 0x25
 785 0004 0E       		.uleb128 0xe
 786 0005 13       		.uleb128 0x13
 787 0006 0B       		.uleb128 0xb
 788 0007 03       		.uleb128 0x3
 789 0008 0E       		.uleb128 0xe
 790 0009 1B       		.uleb128 0x1b
 791 000a 0E       		.uleb128 0xe
 792 000b 55       		.uleb128 0x55
 793 000c 17       		.uleb128 0x17
 794 000d 11       		.uleb128 0x11
 795 000e 01       		.uleb128 0x1
 796 000f 10       		.uleb128 0x10
 797 0010 17       		.uleb128 0x17
 798 0011 00       		.byte	0
 799 0012 00       		.byte	0
 800 0013 02       		.uleb128 0x2
 801 0014 24       		.uleb128 0x24
 802 0015 00       		.byte	0
 803 0016 0B       		.uleb128 0xb
 804 0017 0B       		.uleb128 0xb
 805 0018 3E       		.uleb128 0x3e
 806 0019 0B       		.uleb128 0xb
 807 001a 03       		.uleb128 0x3
 808 001b 08       		.uleb128 0x8
 809 001c 00       		.byte	0
 810 001d 00       		.byte	0
 811 001e 03       		.uleb128 0x3
 812 001f 16       		.uleb128 0x16
ARM GAS  C:\Users\Tech\AppData\Local\Temp\ccLu1oJY.s 			page 21


 813 0020 00       		.byte	0
 814 0021 03       		.uleb128 0x3
 815 0022 0E       		.uleb128 0xe
 816 0023 3A       		.uleb128 0x3a
 817 0024 0B       		.uleb128 0xb
 818 0025 3B       		.uleb128 0x3b
 819 0026 0B       		.uleb128 0xb
 820 0027 49       		.uleb128 0x49
 821 0028 13       		.uleb128 0x13
 822 0029 00       		.byte	0
 823 002a 00       		.byte	0
 824 002b 04       		.uleb128 0x4
 825 002c 24       		.uleb128 0x24
 826 002d 00       		.byte	0
 827 002e 0B       		.uleb128 0xb
 828 002f 0B       		.uleb128 0xb
 829 0030 3E       		.uleb128 0x3e
 830 0031 0B       		.uleb128 0xb
 831 0032 03       		.uleb128 0x3
 832 0033 0E       		.uleb128 0xe
 833 0034 00       		.byte	0
 834 0035 00       		.byte	0
 835 0036 05       		.uleb128 0x5
 836 0037 0F       		.uleb128 0xf
 837 0038 00       		.byte	0
 838 0039 0B       		.uleb128 0xb
 839 003a 0B       		.uleb128 0xb
 840 003b 00       		.byte	0
 841 003c 00       		.byte	0
 842 003d 06       		.uleb128 0x6
 843 003e 16       		.uleb128 0x16
 844 003f 00       		.byte	0
 845 0040 03       		.uleb128 0x3
 846 0041 0E       		.uleb128 0xe
 847 0042 3A       		.uleb128 0x3a
 848 0043 0B       		.uleb128 0xb
 849 0044 3B       		.uleb128 0x3b
 850 0045 05       		.uleb128 0x5
 851 0046 49       		.uleb128 0x49
 852 0047 13       		.uleb128 0x13
 853 0048 00       		.byte	0
 854 0049 00       		.byte	0
 855 004a 07       		.uleb128 0x7
 856 004b 35       		.uleb128 0x35
 857 004c 00       		.byte	0
 858 004d 49       		.uleb128 0x49
 859 004e 13       		.uleb128 0x13
 860 004f 00       		.byte	0
 861 0050 00       		.byte	0
 862 0051 08       		.uleb128 0x8
 863 0052 2E       		.uleb128 0x2e
 864 0053 01       		.byte	0x1
 865 0054 03       		.uleb128 0x3
 866 0055 0E       		.uleb128 0xe
 867 0056 3A       		.uleb128 0x3a
 868 0057 0B       		.uleb128 0xb
 869 0058 3B       		.uleb128 0x3b
ARM GAS  C:\Users\Tech\AppData\Local\Temp\ccLu1oJY.s 			page 22


 870 0059 0B       		.uleb128 0xb
 871 005a 27       		.uleb128 0x27
 872 005b 19       		.uleb128 0x19
 873 005c 11       		.uleb128 0x11
 874 005d 01       		.uleb128 0x1
 875 005e 12       		.uleb128 0x12
 876 005f 06       		.uleb128 0x6
 877 0060 40       		.uleb128 0x40
 878 0061 18       		.uleb128 0x18
 879 0062 9642     		.uleb128 0x2116
 880 0064 19       		.uleb128 0x19
 881 0065 01       		.uleb128 0x1
 882 0066 13       		.uleb128 0x13
 883 0067 00       		.byte	0
 884 0068 00       		.byte	0
 885 0069 09       		.uleb128 0x9
 886 006a 05       		.uleb128 0x5
 887 006b 00       		.byte	0
 888 006c 03       		.uleb128 0x3
 889 006d 08       		.uleb128 0x8
 890 006e 3A       		.uleb128 0x3a
 891 006f 0B       		.uleb128 0xb
 892 0070 3B       		.uleb128 0x3b
 893 0071 0B       		.uleb128 0xb
 894 0072 49       		.uleb128 0x49
 895 0073 13       		.uleb128 0x13
 896 0074 02       		.uleb128 0x2
 897 0075 18       		.uleb128 0x18
 898 0076 00       		.byte	0
 899 0077 00       		.byte	0
 900 0078 0A       		.uleb128 0xa
 901 0079 05       		.uleb128 0x5
 902 007a 00       		.byte	0
 903 007b 03       		.uleb128 0x3
 904 007c 0E       		.uleb128 0xe
 905 007d 3A       		.uleb128 0x3a
 906 007e 0B       		.uleb128 0xb
 907 007f 3B       		.uleb128 0x3b
 908 0080 0B       		.uleb128 0xb
 909 0081 49       		.uleb128 0x49
 910 0082 13       		.uleb128 0x13
 911 0083 02       		.uleb128 0x2
 912 0084 18       		.uleb128 0x18
 913 0085 00       		.byte	0
 914 0086 00       		.byte	0
 915 0087 0B       		.uleb128 0xb
 916 0088 0F       		.uleb128 0xf
 917 0089 00       		.byte	0
 918 008a 0B       		.uleb128 0xb
 919 008b 0B       		.uleb128 0xb
 920 008c 49       		.uleb128 0x49
 921 008d 13       		.uleb128 0x13
 922 008e 00       		.byte	0
 923 008f 00       		.byte	0
 924 0090 0C       		.uleb128 0xc
 925 0091 26       		.uleb128 0x26
 926 0092 00       		.byte	0
ARM GAS  C:\Users\Tech\AppData\Local\Temp\ccLu1oJY.s 			page 23


 927 0093 00       		.byte	0
 928 0094 00       		.byte	0
 929 0095 0D       		.uleb128 0xd
 930 0096 2E       		.uleb128 0x2e
 931 0097 00       		.byte	0
 932 0098 03       		.uleb128 0x3
 933 0099 0E       		.uleb128 0xe
 934 009a 3A       		.uleb128 0x3a
 935 009b 0B       		.uleb128 0xb
 936 009c 3B       		.uleb128 0x3b
 937 009d 0B       		.uleb128 0xb
 938 009e 27       		.uleb128 0x27
 939 009f 19       		.uleb128 0x19
 940 00a0 11       		.uleb128 0x11
 941 00a1 01       		.uleb128 0x1
 942 00a2 12       		.uleb128 0x12
 943 00a3 06       		.uleb128 0x6
 944 00a4 40       		.uleb128 0x40
 945 00a5 18       		.uleb128 0x18
 946 00a6 9642     		.uleb128 0x2116
 947 00a8 19       		.uleb128 0x19
 948 00a9 00       		.byte	0
 949 00aa 00       		.byte	0
 950 00ab 0E       		.uleb128 0xe
 951 00ac 2E       		.uleb128 0x2e
 952 00ad 00       		.byte	0
 953 00ae 03       		.uleb128 0x3
 954 00af 0E       		.uleb128 0xe
 955 00b0 3A       		.uleb128 0x3a
 956 00b1 0B       		.uleb128 0xb
 957 00b2 3B       		.uleb128 0x3b
 958 00b3 0B       		.uleb128 0xb
 959 00b4 27       		.uleb128 0x27
 960 00b5 19       		.uleb128 0x19
 961 00b6 11       		.uleb128 0x11
 962 00b7 01       		.uleb128 0x1
 963 00b8 12       		.uleb128 0x12
 964 00b9 06       		.uleb128 0x6
 965 00ba 40       		.uleb128 0x40
 966 00bb 18       		.uleb128 0x18
 967 00bc 9742     		.uleb128 0x2117
 968 00be 19       		.uleb128 0x19
 969 00bf 00       		.byte	0
 970 00c0 00       		.byte	0
 971 00c1 0F       		.uleb128 0xf
 972 00c2 2E       		.uleb128 0x2e
 973 00c3 01       		.byte	0x1
 974 00c4 3F       		.uleb128 0x3f
 975 00c5 19       		.uleb128 0x19
 976 00c6 03       		.uleb128 0x3
 977 00c7 0E       		.uleb128 0xe
 978 00c8 3A       		.uleb128 0x3a
 979 00c9 0B       		.uleb128 0xb
 980 00ca 3B       		.uleb128 0x3b
 981 00cb 05       		.uleb128 0x5
 982 00cc 27       		.uleb128 0x27
 983 00cd 19       		.uleb128 0x19
ARM GAS  C:\Users\Tech\AppData\Local\Temp\ccLu1oJY.s 			page 24


 984 00ce 11       		.uleb128 0x11
 985 00cf 01       		.uleb128 0x1
 986 00d0 12       		.uleb128 0x12
 987 00d1 06       		.uleb128 0x6
 988 00d2 40       		.uleb128 0x40
 989 00d3 18       		.uleb128 0x18
 990 00d4 9642     		.uleb128 0x2116
 991 00d6 19       		.uleb128 0x19
 992 00d7 00       		.byte	0
 993 00d8 00       		.byte	0
 994 00d9 10       		.uleb128 0x10
 995 00da 0B       		.uleb128 0xb
 996 00db 01       		.byte	0x1
 997 00dc 11       		.uleb128 0x11
 998 00dd 01       		.uleb128 0x1
 999 00de 12       		.uleb128 0x12
 1000 00df 06       		.uleb128 0x6
 1001 00e0 00       		.byte	0
 1002 00e1 00       		.byte	0
 1003 00e2 11       		.uleb128 0x11
 1004 00e3 13       		.uleb128 0x13
 1005 00e4 01       		.byte	0x1
 1006 00e5 0B       		.uleb128 0xb
 1007 00e6 0B       		.uleb128 0xb
 1008 00e7 3A       		.uleb128 0x3a
 1009 00e8 0B       		.uleb128 0xb
 1010 00e9 3B       		.uleb128 0x3b
 1011 00ea 05       		.uleb128 0x5
 1012 00eb 01       		.uleb128 0x1
 1013 00ec 13       		.uleb128 0x13
 1014 00ed 00       		.byte	0
 1015 00ee 00       		.byte	0
 1016 00ef 12       		.uleb128 0x12
 1017 00f0 0D       		.uleb128 0xd
 1018 00f1 00       		.byte	0
 1019 00f2 03       		.uleb128 0x3
 1020 00f3 0E       		.uleb128 0xe
 1021 00f4 3A       		.uleb128 0x3a
 1022 00f5 0B       		.uleb128 0xb
 1023 00f6 3B       		.uleb128 0x3b
 1024 00f7 05       		.uleb128 0x5
 1025 00f8 49       		.uleb128 0x49
 1026 00f9 13       		.uleb128 0x13
 1027 00fa 38       		.uleb128 0x38
 1028 00fb 0B       		.uleb128 0xb
 1029 00fc 00       		.byte	0
 1030 00fd 00       		.byte	0
 1031 00fe 13       		.uleb128 0x13
 1032 00ff 01       		.uleb128 0x1
 1033 0100 01       		.byte	0x1
 1034 0101 49       		.uleb128 0x49
 1035 0102 13       		.uleb128 0x13
 1036 0103 01       		.uleb128 0x1
 1037 0104 13       		.uleb128 0x13
 1038 0105 00       		.byte	0
 1039 0106 00       		.byte	0
 1040 0107 14       		.uleb128 0x14
ARM GAS  C:\Users\Tech\AppData\Local\Temp\ccLu1oJY.s 			page 25


 1041 0108 21       		.uleb128 0x21
 1042 0109 00       		.byte	0
 1043 010a 49       		.uleb128 0x49
 1044 010b 13       		.uleb128 0x13
 1045 010c 2F       		.uleb128 0x2f
 1046 010d 0B       		.uleb128 0xb
 1047 010e 00       		.byte	0
 1048 010f 00       		.byte	0
 1049 0110 15       		.uleb128 0x15
 1050 0111 26       		.uleb128 0x26
 1051 0112 00       		.byte	0
 1052 0113 49       		.uleb128 0x49
 1053 0114 13       		.uleb128 0x13
 1054 0115 00       		.byte	0
 1055 0116 00       		.byte	0
 1056 0117 16       		.uleb128 0x16
 1057 0118 34       		.uleb128 0x34
 1058 0119 00       		.byte	0
 1059 011a 03       		.uleb128 0x3
 1060 011b 0E       		.uleb128 0xe
 1061 011c 3A       		.uleb128 0x3a
 1062 011d 0B       		.uleb128 0xb
 1063 011e 3B       		.uleb128 0x3b
 1064 011f 05       		.uleb128 0x5
 1065 0120 49       		.uleb128 0x49
 1066 0121 13       		.uleb128 0x13
 1067 0122 02       		.uleb128 0x2
 1068 0123 18       		.uleb128 0x18
 1069 0124 00       		.byte	0
 1070 0125 00       		.byte	0
 1071 0126 17       		.uleb128 0x17
 1072 0127 34       		.uleb128 0x34
 1073 0128 00       		.byte	0
 1074 0129 03       		.uleb128 0x3
 1075 012a 08       		.uleb128 0x8
 1076 012b 3A       		.uleb128 0x3a
 1077 012c 0B       		.uleb128 0xb
 1078 012d 3B       		.uleb128 0x3b
 1079 012e 05       		.uleb128 0x5
 1080 012f 49       		.uleb128 0x49
 1081 0130 13       		.uleb128 0x13
 1082 0131 02       		.uleb128 0x2
 1083 0132 18       		.uleb128 0x18
 1084 0133 00       		.byte	0
 1085 0134 00       		.byte	0
 1086 0135 00       		.byte	0
 1087              		.section	.debug_aranges,"",%progbits
 1088 0000 44000000 		.4byte	0x44
 1089 0004 0200     		.2byte	0x2
 1090 0006 00000000 		.4byte	.Ldebug_info0
 1091 000a 04       		.byte	0x4
 1092 000b 00       		.byte	0
 1093 000c 0000     		.2byte	0
 1094 000e 0000     		.2byte	0
 1095 0010 00000000 		.4byte	.LFB2
 1096 0014 1E000000 		.4byte	.LFE2-.LFB2
 1097 0018 00000000 		.4byte	.LFB3
ARM GAS  C:\Users\Tech\AppData\Local\Temp\ccLu1oJY.s 			page 26


 1098 001c 20000000 		.4byte	.LFE3-.LFB3
 1099 0020 00000000 		.4byte	.LFB4
 1100 0024 20000000 		.4byte	.LFE4-.LFB4
 1101 0028 00000000 		.4byte	.LFB5
 1102 002c CC000000 		.4byte	.LFE5-.LFB5
 1103 0030 00000000 		.4byte	.LFB6
 1104 0034 28000000 		.4byte	.LFE6-.LFB6
 1105 0038 CC000000 		.4byte	.LFB7
 1106 003c 04010000 		.4byte	.LFE7-.LFB7
 1107 0040 00000000 		.4byte	0
 1108 0044 00000000 		.4byte	0
 1109              		.section	.debug_ranges,"",%progbits
 1110              	.Ldebug_ranges0:
 1111 0000 00000000 		.4byte	.LFB2
 1112 0004 1E000000 		.4byte	.LFE2
 1113 0008 00000000 		.4byte	.LFB3
 1114 000c 20000000 		.4byte	.LFE3
 1115 0010 00000000 		.4byte	.LFB4
 1116 0014 20000000 		.4byte	.LFE4
 1117 0018 00000000 		.4byte	.LFB5
 1118 001c CC000000 		.4byte	.LFE5
 1119 0020 00000000 		.4byte	.LFB6
 1120 0024 28000000 		.4byte	.LFE6
 1121 0028 CC000000 		.4byte	.LFB7
 1122 002c D0010000 		.4byte	.LFE7
 1123 0030 00000000 		.4byte	0
 1124 0034 00000000 		.4byte	0
 1125              		.section	.debug_line,"",%progbits
 1126              	.Ldebug_line0:
 1127 0000 6C010000 		.section	.debug_str,"MS",%progbits,1
 1127      0200CB00 
 1127      00000201 
 1127      FB0E0D00 
 1127      01010101 
 1128              	.LASF19:
 1129 0000 72656733 		.ascii	"reg32\000"
 1129      3200
 1130              	.LASF12:
 1131 0006 73697A65 		.ascii	"size_t\000"
 1131      5F7400
 1132              	.LASF25:
 1133 000d 416E616C 		.ascii	"AnalogSetDefault\000"
 1133      6F675365 
 1133      74446566 
 1133      61756C74 
 1133      00
 1134              	.LASF29:
 1135 001e 6366675F 		.ascii	"cfg_memset_list\000"
 1135      6D656D73 
 1135      65745F6C 
 1135      69737400 
 1136              	.LASF24:
 1137 002e 436C6F63 		.ascii	"ClockSetup\000"
 1137      6B536574 
 1137      757000
 1138              	.LASF6:
 1139 0039 73686F72 		.ascii	"short unsigned int\000"
ARM GAS  C:\Users\Tech\AppData\Local\Temp\ccLu1oJY.s 			page 27


 1139      7420756E 
 1139      7369676E 
 1139      65642069 
 1139      6E7400
 1140              	.LASF16:
 1141 004c 666C6F61 		.ascii	"float\000"
 1141      7400
 1142              	.LASF22:
 1143 0052 64657374 		.ascii	"dest\000"
 1143      00
 1144              	.LASF27:
 1145 0057 73697A65 		.ascii	"size\000"
 1145      00
 1146              	.LASF18:
 1147 005c 72656738 		.ascii	"reg8\000"
 1147      00
 1148              	.LASF8:
 1149 0061 6C6F6E67 		.ascii	"long unsigned int\000"
 1149      20756E73 
 1149      69676E65 
 1149      6420696E 
 1149      7400
 1150              	.LASF13:
 1151 0073 75696E74 		.ascii	"uint8\000"
 1151      3800
 1152              	.LASF20:
 1153 0079 43594D45 		.ascii	"CYMEMZERO\000"
 1153      4D5A4552 
 1153      4F00
 1154              	.LASF30:
 1155 0083 474E5520 		.ascii	"GNU C11 5.4.1 20160609 (release) [ARM/embedded-5-br"
 1155      43313120 
 1155      352E342E 
 1155      31203230 
 1155      31363036 
 1156 00b6 616E6368 		.ascii	"anch revision 237715] -mcpu=cortex-m0 -mthumb -g -O"
 1156      20726576 
 1156      6973696F 
 1156      6E203233 
 1156      37373135 
 1157 00e9 30202D66 		.ascii	"0 -ffunction-sections -ffat-lto-objects\000"
 1157      66756E63 
 1157      74696F6E 
 1157      2D736563 
 1157      74696F6E 
 1158              	.LASF4:
 1159 0111 756E7369 		.ascii	"unsigned char\000"
 1159      676E6564 
 1159      20636861 
 1159      7200
 1160              	.LASF17:
 1161 011f 646F7562 		.ascii	"double\000"
 1161      6C6500
 1162              	.LASF32:
 1163 0126 433A5C63 		.ascii	"C:\\code\\PSoC BLE\\dht22-psoc-ble\\DHT22_BLE\\WS_D"
 1163      6F64655C 
 1163      50536F43 
ARM GAS  C:\Users\Tech\AppData\Local\Temp\ccLu1oJY.s 			page 28


 1163      20424C45 
 1163      5C646874 
 1164 0154 48543232 		.ascii	"HT22_BLE\\DHT22_BLE.cydsn\000"
 1164      5F424C45 
 1164      5C444854 
 1164      32325F42 
 1164      4C452E63 
 1165              	.LASF14:
 1166 016d 75696E74 		.ascii	"uint16\000"
 1166      313600
 1167              	.LASF15:
 1168 0174 75696E74 		.ascii	"uint32\000"
 1168      333200
 1169              	.LASF0:
 1170 017b 756E7369 		.ascii	"unsigned int\000"
 1170      676E6564 
 1170      20696E74 
 1170      00
 1171              	.LASF33:
 1172 0188 63796669 		.ascii	"cyfitter_cfg\000"
 1172      74746572 
 1172      5F636667 
 1172      00
 1173              	.LASF26:
 1174 0195 61646472 		.ascii	"address\000"
 1174      65737300 
 1175              	.LASF9:
 1176 019d 6C6F6E67 		.ascii	"long long unsigned int\000"
 1176      206C6F6E 
 1176      6720756E 
 1176      7369676E 
 1176      65642069 
 1177              	.LASF28:
 1178 01b4 6366675F 		.ascii	"cfg_memset_t\000"
 1178      6D656D73 
 1178      65745F74 
 1178      00
 1179              	.LASF10:
 1180 01c1 73697A65 		.ascii	"sizetype\000"
 1180      74797065 
 1180      00
 1181              	.LASF1:
 1182 01ca 6C6F6E67 		.ascii	"long long int\000"
 1182      206C6F6E 
 1182      6720696E 
 1182      7400
 1183              	.LASF11:
 1184 01d8 63686172 		.ascii	"char\000"
 1184      00
 1185              	.LASF5:
 1186 01dd 73686F72 		.ascii	"short int\000"
 1186      7420696E 
 1186      7400
 1187              	.LASF7:
 1188 01e7 6C6F6E67 		.ascii	"long int\000"
 1188      20696E74 
 1188      00
ARM GAS  C:\Users\Tech\AppData\Local\Temp\ccLu1oJY.s 			page 29


 1189              	.LASF2:
 1190 01f0 6C6F6E67 		.ascii	"long double\000"
 1190      20646F75 
 1190      626C6500 
 1191              	.LASF3:
 1192 01fc 7369676E 		.ascii	"signed char\000"
 1192      65642063 
 1192      68617200 
 1193              	.LASF31:
 1194 0208 47656E65 		.ascii	"Generated_Source\\PSoC4\\cyfitter_cfg.c\000"
 1194      72617465 
 1194      645F536F 
 1194      75726365 
 1194      5C50536F 
 1195              	.LASF23:
 1196 022e 4359434F 		.ascii	"CYCONFIGCPYCODE\000"
 1196      4E464947 
 1196      43505943 
 1196      4F444500 
 1197              	.LASF21:
 1198 023e 4359434F 		.ascii	"CYCONFIGCPY\000"
 1198      4E464947 
 1198      43505900 
 1199              		.ident	"GCC: (GNU Tools for ARM Embedded Processors) 5.4.1 20160609 (release) [ARM/embedded-5-bran
